------------------------------------------------------------
Timing Analyzer Summary
------------------------------------------------------------

Type  : Slow 1100mV 85C Model Setup 'clk'
Slack : -0.648
TNS   : -5.311

Type  : Slow 1100mV 85C Model Hold 'clk'
Slack : 0.353
TNS   : 0.000

Type  : Slow 1100mV 85C Model Minimum Pulse Width 'clk'
Slack : -0.538
TNS   : -10.774

Type  : Slow 1100mV 0C Model Setup 'clk'
Slack : -0.674
TNS   : -6.167

Type  : Slow 1100mV 0C Model Hold 'clk'
Slack : 0.333
TNS   : 0.000

Type  : Slow 1100mV 0C Model Minimum Pulse Width 'clk'
Slack : -0.538
TNS   : -11.065

Type  : Fast 1100mV 85C Model Setup 'clk'
Slack : 0.187
TNS   : 0.000

Type  : Fast 1100mV 85C Model Hold 'clk'
Slack : 0.176
TNS   : 0.000

Type  : Fast 1100mV 85C Model Minimum Pulse Width 'clk'
Slack : -0.090
TNS   : -1.237

Type  : Fast 1100mV 0C Model Setup 'clk'
Slack : 0.233
TNS   : 0.000

Type  : Fast 1100mV 0C Model Hold 'clk'
Slack : 0.163
TNS   : 0.000

Type  : Fast 1100mV 0C Model Minimum Pulse Width 'clk'
Slack : -0.092
TNS   : -1.272

------------------------------------------------------------
